// Jest Snapshot v1, https://goo.gl/fbAQLP

exports[`スクリーンショットテスト Snapshot of <DetailCard /> 1`] = `
<WithStyles(ForwardRef(Card))>
  <WithStyles(ForwardRef(CardContent))>
    <WithStyles(ForwardRef(Typography))
      variant="h6"
    >
      0
    </WithStyles(ForwardRef(Typography))>
    <WithStyles(ForwardRef(Typography))
      variant="h6"
    >
      2019-11-09T15:00:00.000Z
    </WithStyles(ForwardRef(Typography))>
    <WithStyles(ForwardRef(Typography))
      variant="h6"
    >
      USD/JPY
    </WithStyles(ForwardRef(Typography))>
    <WithStyles(ForwardRef(Typography))
      variant="h6"
    >
      2.0
    </WithStyles(ForwardRef(Typography))>
    <WithStyles(ForwardRef(Typography))
      variant="h6"
    >
      1.0
    </WithStyles(ForwardRef(Typography))>
    <WithStyles(ForwardRef(Typography))
      variant="h6"
    >
      good
    </WithStyles(ForwardRef(Typography))>
  </WithStyles(ForwardRef(CardContent))>
</WithStyles(ForwardRef(Card))>
`;

exports[`スクリーンショットテスト Snapshot of <Details /> 1`] = `
<div>
  <ScrollBar
    className=""
    component="div"
    containerRef={[Function]}
  >
    <WithStyles(ForwardRef(Typography))
      variant="h5"
    >
      Mon Nov 11 2019 11:30:02 GMT+0900
    </WithStyles(ForwardRef(Typography))>
  </ScrollBar>
</div>
`;

exports[`スクリーンショットテスト Snapshot of <Statistics /> 1`] = `
<WithStyles(ForwardRef(Grid))
  container={true}
  spacing={4}
>
  <WithStyles(ForwardRef(Grid))
    item={true}
    lg={3}
    sm={6}
    xl={3}
    xs={12}
  >
    <TotalAssets />
  </WithStyles(ForwardRef(Grid))>
  <WithStyles(ForwardRef(Grid))
    item={true}
    lg={3}
    sm={6}
    xl={3}
    xs={12}
  >
    <TotalProfit />
  </WithStyles(ForwardRef(Grid))>
  <WithStyles(ForwardRef(Grid))
    item={true}
    lg={3}
    sm={6}
    xl={3}
    xs={12}
  >
    <WinRate />
  </WithStyles(ForwardRef(Grid))>
  <WithStyles(ForwardRef(Grid))
    item={true}
    lg={3}
    sm={6}
    xl={3}
    xs={12}
  >
    <ProfitRatio />
  </WithStyles(ForwardRef(Grid))>
  <WithStyles(ForwardRef(Grid))
    item={true}
    lg={8}
    md={12}
    xl={9}
    xs={12}
  >
    <ExpectedValue />
  </WithStyles(ForwardRef(Grid))>
  <WithStyles(ForwardRef(Grid))
    item={true}
    lg={4}
    md={6}
    xl={3}
    xs={12}
  >
    <BankruptRate />
  </WithStyles(ForwardRef(Grid))>
</WithStyles(ForwardRef(Grid))>
`;
