// Jest Snapshot v1, https://goo.gl/fbAQLP

exports[`スクリーンショットテスト Snapshot of <Test /> 1`] = `
<DocumentFragment>
  <div
    class="makeStyles-root-1"
  >
    <div
      class="MuiFormControl-root MuiTextField-root MuiFormControl-marginNormal"
    >
      <label
        class="MuiFormLabel-root MuiInputLabel-root MuiInputLabel-formControl MuiInputLabel-animated"
        data-shrink="false"
      >
        Standard
      </label>
      <div
        class="MuiInputBase-root MuiInput-root MuiInput-underline MuiInputBase-formControl MuiInput-formControl"
      >
        <input
          aria-invalid="false"
          class="MuiInputBase-input MuiInput-input"
          data-testid="standard"
          type="textarea"
          value=""
        />
      </div>
    </div>
    <p
      class="MuiTypography-root MuiTypography-body1"
    >
      0
    </p>
    <button
      class="MuiButtonBase-root MuiButton-root MuiButton-text"
      tabindex="0"
      type="button"
    >
      <span
        class="MuiButton-label"
      >
        Button
      </span>
      <span
        class="MuiTouchRipple-root"
      />
    </button>
  </div>
</DocumentFragment>
`;
